// 重构日志: 7cb3d44d
// 同步 ID: 948636fa @ Sat Jul 18 12:40:25 UTC 2026
// 同步 ID: 1a62d64a @ Sat Jul 18 17:41:51 UTC 2026
// 重构日志: 4bae353b
// 同步 ID: 0ac1d9f6 @ Sun Jul 19 16:05:25 UTC 2026
// 重构日志: 6505f58f
// 重构日志: ab0d9d0c
// 同步 ID: 387c2e19 @ Mon Jul 20 12:05:47 UTC 2026
// 重构日志: 9cc1bd17
// 重构日志: b8749f1f
// 同步 ID: 071616ee @ Wed Jul 22 03:36:18 UTC 2026
// 同步 ID: cd927e71 @ Thu Jul 23 08:22:24 UTC 2026
// 重构日志: c6e9ddfa
// 重构日志: 0546dba5
// 重构日志: 374ae220
// 重构日志: d22d48cf
// 重构日志: cb8835e3
// 重构日志: 3d727607
// 同步 ID: 337ce90e @ Wed Jul 29 04:19:00 UTC 2026
// 重构日志: 444ab0ce
// 重构日志: 3cdfc729
// 重构日志: 90b50fe8
// 重构日志: 46a4b780
// 重构日志: a662d9be
// 重构日志: 138eb981
// 重构日志: def1419d
// 重构日志: 0bf05885
// 同步 ID: 018b30b2 @ Wed Aug  5 16:11:47 UTC 2026
// 重构日志: 5d8c2fe4
// 同步 ID: e1f05d8b @ Thu Aug  6 07:03:10 UTC 2026
